[debug] [2026-08-31T18:23:14.452Z] ----------------------------------------------------------------------
[debug] [2026-08-31T18:23:14.456Z] Command:       C:\Program Files\nodejs\node.exe C:\Users\nagylas\AppData\Roaming\npm\node_modules\firebase-tools\lib\bin\firebase.js init
[debug] [2026-08-31T18:23:14.457Z] CLI Version:   15.1.0
[debug] [2026-08-31T18:23:14.457Z] Platform:      win32
[debug] [2026-08-31T18:23:14.457Z] Node Version:  v22.19.0
[debug] [2026-08-31T18:23:14.457Z] Time:          Mon Aug 31 2026 20:23:14 GMT+0200 (közép-európai nyári idő)
[debug] [2026-08-31T18:23:14.458Z] ----------------------------------------------------------------------
[debug] 
[debug] [2026-08-31T18:23:14.461Z] >>> [apiv2][query] GET https://firebase-public.firebaseio.com/cli.json [none]
[info] 
     ######## #### ########  ######## ########     ###     ######  ########
     ##        ##  ##     ## ##       ##     ##  ##   ##  ##       ##
     ######    ##  ########  ######   ########  #########  ######  ######
     ##        ##  ##    ##  ##       ##     ## ##     ##       ## ##
     ##       #### ##     ## ######## ########  ##     ##  ######  ########

You're about to initialize a Firebase project in this directory:

  C:\Users\nagylas\kalandor

[debug] [2026-08-31T18:23:18.191Z] <<< [apiv2][status] GET https://firebase-public.firebaseio.com/cli.json 200
[debug] [2026-08-31T18:23:18.191Z] <<< [apiv2][body] GET https://firebase-public.firebaseio.com/cli.json {"cloudBuildErrorAfter":1594252800000,"cloudBuildWarnAfter":1590019200000,"defaultNode10After":1594252800000,"minVersion":"3.0.5","node8DeploysDisabledAfter":1613390400000,"node8RuntimeDisabledAfter":1615809600000,"node8WarnAfter":1600128000000}
[info] 
=== Project Setup
[info] 
[info] First, let's associate this project directory with a Firebase project.
[info] You can create multiple project aliases by running firebase use --add, 
[info] 
[debug] [2026-08-31T18:24:17.458Z] > command requires scopes: ["email","openid","https://www.googleapis.com/auth/cloudplatformprojects.readonly","https://www.googleapis.com/auth/firebase","https://www.googleapis.com/auth/cloud-platform"]
[debug] [2026-08-31T18:24:17.459Z] > authorizing via signed-in user (lnagy.priv@gmail.com)
[debug] [2026-08-31T18:24:17.460Z] Checked if tokens are valid: false, expires at: 1767366906164
[debug] [2026-08-31T18:24:17.460Z] Checked if tokens are valid: false, expires at: 1767366906164
[debug] [2026-08-31T18:24:17.460Z] > refreshing access token with scopes: []
[debug] [2026-08-31T18:24:17.461Z] >>> [apiv2][query] POST https://www.googleapis.com/oauth2/v3/token [none]
[debug] [2026-08-31T18:24:17.461Z] >>> [apiv2][body] POST https://www.googleapis.com/oauth2/v3/token [omitted]
[debug] [2026-08-31T18:24:17.719Z] <<< [apiv2][status] POST https://www.googleapis.com/oauth2/v3/token 400
[debug] [2026-08-31T18:24:17.719Z] <<< [apiv2][body] POST https://www.googleapis.com/oauth2/v3/token [omitted]
[debug] [2026-08-31T18:24:17.719Z] >>> [apiv2][query] GET https://firebase.googleapis.com/v1beta1/projects pageSize=100
[debug] [2026-08-31T18:24:17.990Z] <<< [apiv2][status] GET https://firebase.googleapis.com/v1beta1/projects 401
[debug] [2026-08-31T18:24:17.990Z] <<< [apiv2][body] GET https://firebase.googleapis.com/v1beta1/projects [omitted]
[debug] [2026-08-31T18:24:17.990Z] Got a 401 Unauthenticated error for a call that required authentication. Refreshing tokens.
[debug] [2026-08-31T18:24:17.990Z] Checked if tokens are valid: false, expires at: 1767366906164
[debug] [2026-08-31T18:24:17.990Z] Checked if tokens are valid: false, expires at: 1767366906164
[debug] [2026-08-31T18:24:17.990Z] > refreshing access token with scopes: []
[debug] [2026-08-31T18:24:17.991Z] >>> [apiv2][query] POST https://www.googleapis.com/oauth2/v3/token [none]
[debug] [2026-08-31T18:24:17.991Z] >>> [apiv2][body] POST https://www.googleapis.com/oauth2/v3/token [omitted]
[debug] [2026-08-31T18:24:18.065Z] <<< [apiv2][status] POST https://www.googleapis.com/oauth2/v3/token 400
[debug] [2026-08-31T18:24:18.065Z] <<< [apiv2][body] POST https://www.googleapis.com/oauth2/v3/token [omitted]
[debug] [2026-08-31T18:24:18.066Z] Request to https://firebase.googleapis.com/v1beta1/projects?pageSize=100 had HTTP Error: 401, Request had invalid authentication credentials. Expected OAuth 2 access token, login cookie or other valid authentication credential. See https://developers.google.com/identity/sign-in/web/devconsole-project.
[debug] [2026-08-31T18:24:18.068Z] FirebaseError: Request to https://firebase.googleapis.com/v1beta1/projects?pageSize=100 had HTTP Error: 401, Request had invalid authentication credentials. Expected OAuth 2 access token, login cookie or other valid authentication credential. See https://developers.google.com/identity/sign-in/web/devconsole-project.
    at responseToError (C:\Users\nagylas\AppData\Roaming\npm\node_modules\firebase-tools\lib\responseToError.js:53:12)
    at RetryOperation._fn (C:\Users\nagylas\AppData\Roaming\npm\node_modules\firebase-tools\lib\apiv2.js:322:77)
    at process.processTicksAndRejections (node:internal/process/task_queues:105:5)
[error] 
[error] Error: Failed to list Firebase projects. See firebase-debug.log for more info.
[debug] [2026-08-31T18:24:57.246Z] ----------------------------------------------------------------------
[debug] [2026-08-31T18:24:57.250Z] Command:       C:\Program Files\nodejs\node.exe C:\Users\nagylas\AppData\Roaming\npm\node_modules\firebase-tools\lib\bin\firebase.js init
[debug] [2026-08-31T18:24:57.250Z] CLI Version:   15.1.0
[debug] [2026-08-31T18:24:57.250Z] Platform:      win32
[debug] [2026-08-31T18:24:57.251Z] Node Version:  v22.19.0
[debug] [2026-08-31T18:24:57.251Z] Time:          Mon Aug 31 2026 20:24:57 GMT+0200 (közép-európai nyári idő)
[debug] [2026-08-31T18:24:57.251Z] ----------------------------------------------------------------------
[debug] 
[info] 
     ######## #### ########  ######## ########     ###     ######  ########
     ##        ##  ##     ## ##       ##     ##  ##   ##  ##       ##
     ######    ##  ########  ######   ########  #########  ######  ######
     ##        ##  ##    ##  ##       ##     ## ##     ##       ## ##
     ##       #### ##     ## ######## ########  ##     ##  ######  ########

You're about to initialize a Firebase project in this directory:

  C:\Users\nagylas\kalandor

[info] 
=== Project Setup
[info] 
[info] First, let's associate this project directory with a Firebase project.
[info] You can create multiple project aliases by running firebase use --add, 
[info] 
[info] i  If you want to create a project in a Google Cloud organization or folder, please use "firebase projects:create" instead, and return to this command when you've created the project. 
[debug] [2026-08-31T18:25:37.126Z] > command requires scopes: ["email","openid","https://www.googleapis.com/auth/cloudplatformprojects.readonly","https://www.googleapis.com/auth/firebase","https://www.googleapis.com/auth/cloud-platform"]
[debug] [2026-08-31T18:25:37.126Z] > authorizing via signed-in user (lnagy.priv@gmail.com)
[debug] [2026-08-31T18:34:44.588Z] ExitPromptError: User force closed the prompt with SIGINT
    at Interface.sigint (C:\Users\nagylas\AppData\Roaming\npm\node_modules\firebase-tools\node_modules\@inquirer\core\dist\commonjs\lib\create-prompt.js:101:37)
    at Interface.emit (node:events:519:28)
    at [_ttyWrite] [as _ttyWrite] (node:internal/readline/interface:1132:18)
    at ReadStream.onkeypress (node:internal/readline/interface:271:20)
    at ReadStream.emit (node:events:531:35)
    at emitKeys (node:internal/readline/utils:370:14)
    at emitKeys.next (<anonymous>)
    at ReadStream.onData (node:internal/readline/emitKeypressEvents:64:36)
    at ReadStream.emit (node:events:519:28)
    at addChunk (node:internal/streams/readable:561:12)
[error] 
[error] Error: An unexpected error has occurred.
